2026-02-25 13:01:57 INFO     Loaded 242 active PRs from products/SLFO
2026-02-25 13:01:58 INFO     PR git:2645 skipped: No reviews by qam-openqa
2026-02-25 13:01:58 INFO     PR git:2648 skipped: No reviews by qam-openqa
2026-02-25 13:01:58 INFO     PR git:2647 skipped: No reviews by qam-openqa
2026-02-25 13:01:58 INFO     PR git:2618 skipped: No reviews by qam-openqa
2026-02-25 13:01:58 INFO     PR git:2612 skipped: No reviews by qam-openqa
2026-02-25 13:01:58 INFO     PR git:2623 skipped: No reviews by qam-openqa
2026-02-25 13:01:58 INFO     PR git:2624 skipped: No reviews by qam-openqa
2026-02-25 13:01:58 INFO     PR git:2641 skipped: No reviews by qam-openqa
2026-02-25 13:01:58 INFO     PR git:2616 skipped: No reviews by qam-openqa
2026-02-25 13:01:58 INFO     PR git:2611 skipped: No reviews by qam-openqa
2026-02-25 13:01:58 INFO     PR git:2617 skipped: No reviews by qam-openqa
2026-02-25 13:01:58 INFO     PR git:2610 skipped: No reviews by qam-openqa
2026-02-25 13:01:58 INFO     PR git:2649: Some repos not published yet: SUSE:SLFO:1.2:PullRequest:2649:SLES:aarch64#16.0, SUSE:SLFO:1.2:PullRequest:2649:SLES:ppc64le#16.0, SUSE:SLFO:1.2:PullRequest:2649:SLES:s390x#16.0, SUSE:SLFO:1.2:PullRequest:2649:SLES:x86_64#16.0
2026-02-25 13:01:58 INFO     PR git:2608 skipped: No reviews by qam-openqa
2026-02-25 13:01:59 INFO     PR git:2601 skipped: No channels found
2026-02-25 13:01:59 INFO     PR git:2606 skipped: No reviews by qam-openqa
2026-02-25 13:01:59 INFO     PR git:2605 skipped: No reviews by qam-openqa
2026-02-25 13:01:59 INFO     PR git:2646: Some repos not published yet: SUSE:SLFO:1.2:PullRequest:2646:SL-Micro:s390x#6.2, SUSE:SLFO:1.2:PullRequest:2646:SL-Micro:ppc64le#6.2, SUSE:SLFO:1.2:PullRequest:2646:SLES:ppc64le#16.0, SUSE:SLFO:1.2:PullRequest:2646:SLES:s390x#16.0
2026-02-25 13:01:59 INFO     PR git:2607 skipped: No reviews by qam-openqa
2026-02-25 13:01:59 INFO     PR git:2604 skipped: No reviews by qam-openqa
2026-02-25 13:01:59 INFO     PR git:2602 skipped: No reviews by qam-openqa
2026-02-25 13:01:59 INFO     PR git:2598 skipped: No reviews by qam-openqa
2026-02-25 13:01:59 INFO     PR git:2599 skipped: No reviews by qam-openqa
2026-02-25 13:01:59 INFO     PR git:2603 skipped: No reviews by qam-openqa
2026-02-25 13:01:59 INFO     PR git:2600 skipped: No reviews by qam-openqa
2026-02-25 13:01:59 INFO     PR git:2593 skipped: No reviews by qam-openqa
2026-02-25 13:01:59 INFO     PR git:2597 skipped: No reviews by qam-openqa
2026-02-25 13:01:59 INFO     PR git:2594 skipped: No reviews by qam-openqa
2026-02-25 13:01:59 INFO     PR git:2592 skipped: No reviews by qam-openqa
2026-02-25 13:01:59 INFO     PR git:2595 skipped: No reviews by qam-openqa
2026-02-25 13:02:00 INFO     PR git:2576 skipped: No reviews by qam-openqa
2026-02-25 13:02:00 INFO     PR git:2585 skipped: No reviews by qam-openqa
2026-02-25 13:02:00 INFO     PR git:2577 skipped: No reviews by qam-openqa
2026-02-25 13:02:00 INFO     PR git:2578 skipped: No reviews by qam-openqa
2026-02-25 13:02:00 INFO     PR git:2581 skipped: No reviews by qam-openqa
2026-02-25 13:02:00 INFO     PR git:2563 skipped: No reviews by qam-openqa
2026-02-25 13:02:00 INFO     PR git:2554 skipped: No reviews by qam-openqa
2026-02-25 13:02:00 INFO     PR git:2542 skipped: No reviews by qam-openqa
2026-02-25 13:02:00 INFO     PR git:2573 skipped: No reviews by qam-openqa
2026-02-25 13:02:00 INFO     PR git:2560 skipped: No reviews by qam-openqa
2026-02-25 13:02:00 INFO     PR git:2533 skipped: No reviews by qam-openqa
2026-02-25 13:02:00 INFO     PR git:2550 skipped: No reviews by qam-openqa
2026-02-25 13:02:00 INFO     PR git:2541 skipped: No reviews by qam-openqa
2026-02-25 13:02:00 INFO     PR git:2556 skipped: No reviews by qam-openqa
2026-02-25 13:02:00 INFO     PR git:2482 skipped: No reviews by qam-openqa
2026-02-25 13:02:00 INFO     PR git:2529 skipped: No reviews by qam-openqa
2026-02-25 13:02:01 INFO     PR git:2516 skipped: No reviews by qam-openqa
2026-02-25 13:02:01 INFO     PR git:2456 skipped: No reviews by qam-openqa
2026-02-25 13:02:01 INFO     PR git:2517 skipped: No reviews by qam-openqa
2026-02-25 13:02:01 INFO     PR git:2447 skipped: No reviews by qam-openqa
2026-02-25 13:02:01 INFO     PR git:2451 skipped: No reviews by qam-openqa
2026-02-25 13:02:01 INFO     PR git:2446 skipped: No reviews by qam-openqa
2026-02-25 13:02:01 INFO     PR git:2405 skipped: No reviews by qam-openqa
2026-02-25 13:02:01 INFO     PR git:2341 skipped: No reviews by qam-openqa
2026-02-25 13:02:01 INFO     PR git:2453 skipped: No reviews by qam-openqa
2026-02-25 13:02:01 INFO     PR git:2403 skipped: No reviews by qam-openqa
2026-02-25 13:02:01 INFO     PR git:2443 skipped: No reviews by qam-openqa
2026-02-25 13:02:01 INFO     PR git:2333 skipped: No reviews by qam-openqa
2026-02-25 13:02:01 INFO     PR git:2334 skipped: No reviews by qam-openqa
2026-02-25 13:02:01 INFO     PR git:2336 skipped: No reviews by qam-openqa
2026-02-25 13:02:01 INFO     PR git:2350 skipped: No reviews by qam-openqa
2026-02-25 13:02:02 INFO     PR git:2323 skipped: No reviews by qam-openqa
2026-02-25 13:02:02 INFO     PR git:2279 skipped: No channels found
2026-02-25 13:02:02 INFO     PR git:2278 skipped: No reviews by qam-openqa
2026-02-25 13:02:02 INFO     PR git:2241 skipped: No channels found
2026-02-25 13:02:02 INFO     PR git:2239 skipped: No reviews by qam-openqa
2026-02-25 13:02:02 INFO     PR git:2123 skipped: No reviews by qam-openqa
2026-02-25 13:02:02 INFO     PR git:2179 skipped: No reviews by qam-openqa
2026-02-25 13:02:02 INFO     PR git:2232 skipped: No reviews by qam-openqa
2026-02-25 13:02:02 INFO     PR git:2228 skipped: No reviews by qam-openqa
2026-02-25 13:02:03 INFO     PR git:2068 skipped: No reviews by qam-openqa
2026-02-25 13:02:03 INFO     PR git:2041 skipped: No reviews by qam-openqa
2026-02-25 13:02:03 INFO     PR git:1965 skipped: No reviews by qam-openqa
2026-02-25 13:02:03 INFO     PR git:2029 skipped: No reviews by qam-openqa
2026-02-25 13:02:04 INFO     PR git:1687 skipped: No reviews by qam-openqa
2026-02-25 13:02:04 INFO     PR git:1629 skipped: No reviews by qam-openqa
2026-02-25 13:02:04 INFO     PR git:1673 skipped: No reviews by qam-openqa
2026-02-25 13:02:04 INFO     PR git:1637 skipped: No reviews by qam-openqa
2026-02-25 13:02:04 INFO     PR git:1684 skipped: No reviews by qam-openqa
2026-02-25 13:02:04 INFO     PR git:1636 skipped: No reviews by qam-openqa
2026-02-25 13:02:04 INFO     PR git:1938: Some packages failed: 000productcompose:sles_sap_x86_64, 000productcompose:sles_aarch64, 000productcompose:sles_x86_64
2026-02-25 13:02:05 INFO     PR git:933 skipped: No channels found
2026-02-25 13:02:05 INFO     PR git:982 skipped: No reviews by qam-openqa
2026-02-25 13:02:06 INFO     PR git:612 skipped: No reviews by qam-openqa
2026-02-25 13:02:06 INFO     PR git:341 skipped: No reviews by qam-openqa
2026-02-25 13:02:06 INFO     PR git:205 skipped: No reviews by qam-openqa
2026-02-25 13:02:06 INFO     PR git:203 skipped: No reviews by qam-openqa
2026-02-25 13:02:06 INFO     PR git:315 skipped: No reviews by qam-openqa
2026-02-25 13:02:06 INFO     PR git:445 skipped: No reviews by qam-openqa
2026-02-25 13:02:06 INFO     PR git:446 skipped: No channels found
2026-02-25 13:02:06 INFO     PR git:191 skipped: No reviews by qam-openqa
2026-02-25 13:02:06 INFO     PR git:322 skipped: No channels found
2026-02-25 13:02:06 INFO     PR git:465 skipped: No channels found
2026-02-25 13:02:06 INFO     PR git:288 skipped: No reviews by qam-openqa
2026-02-25 13:02:07 INFO     Syncing Gitea PRs to QEM Dashboard: Considering 151 submissions
2026-02-25 13:02:07 INFO     QEM Dashboard submissions updated successfully
